[backblue.gif]
[fade.gif]
[index.html]
[lovesome.biz/tf-template/oxe/favicon.png]
[lovesome.biz/tf-template/oxe/img/person.jpg]
[lovesome.biz/tf-template/oxe/img/portfolio/01.jpg]
[lovesome.biz/tf-template/oxe/img/portfolio/02.jpg]
[lovesome.biz/tf-template/oxe/img/portfolio/03.jpg]
[lovesome.biz/tf-template/oxe/img/portfolio/04.jpg]
[lovesome.biz/tf-template/oxe/img/portfolio/05.jpg]
[lovesome.biz/tf-template/oxe/img/portfolio/06.jpg]
[lovesome.biz/tf-template/oxe/img/portfolio/07.jpg]
[lovesome.biz/tf-template/oxe/img/portfolio/08.jpg]
[lovesome.biz/tf-template/oxe/img/team/01.jpg]
[lovesome.biz/tf-template/oxe/img/team/02.jpg]
[lovesome.biz/tf-template/oxe/img/team/03.jpg]
[lovesome.biz/tf-template/oxe/img/team/04.jpg]
[lovesome.biz/tf-template/oxe/img/client/01.jpg]
[lovesome.biz/tf-template/oxe/img/client/02.jpg]
[lovesome.biz/tf-template/oxe/img/client/03.jpg]
[lovesome.biz/tf-template/oxe/img/news/01.jpg]
[lovesome.biz/tf-template/oxe/img/news/02.jpg]
[lovesome.biz/tf-template/oxe/img/news/03.jpg]
[lovesome.biz/tf-template/oxe/img/news/04.jpg]
[lovesome.biz/tf-template/oxe/img/news/05.jpg]
[lovesome.biz/tf-template/oxe/img/news/06.jpg]
[lovesome.biz/tf-template/oxe/js/vendor/modernizr-3.5.0.min.js]
[lovesome.biz/tf-template/oxe/js/vendor/jquery-3.2.1.min.js]
[lovesome.biz/tf-template/oxe/js/bootstrap.min.js]
[lovesome.biz/tf-template/oxe/js/owl.carousel.min.js]
[lovesome.biz/tf-template/oxe/js/vegas.min.js]
[lovesome.biz/tf-template/oxe/js/typing.js]
[lovesome.biz/tf-template/oxe/js/jquery.waypoints.min.js]
[lovesome.biz/tf-template/oxe/js/circle-progress.js]
[lovesome.biz/tf-template/oxe/js/isotope.min.js]
[lovesome.biz/tf-template/oxe/js/jarallax.min.js]
[lovesome.biz/tf-template/oxe/js/lightbox.min.js]
[lovesome.biz/tf-template/oxe/js/gmap3.min.js]
[lovesome.biz/tf-template/oxe/js/jquery.scrollUp.min.js]
[lovesome.biz/tf-template/oxe/js/plugins.js]
[lovesome.biz/tf-template/oxe/js/main.js]
[lovesome.biz/tf-template/oxe/dark.html]
[lovesome.biz/tf-template/oxe/fonts/glyphicons-halflings-regular.eot]
[lovesome.biz/tf-template/oxe/fonts/glyphicons-halflings-regulard41d.eot]
[lovesome.biz/tf-template/oxe/fonts/glyphicons-halflings-regular.woff2]
[lovesome.biz/tf-template/oxe/fonts/glyphicons-halflings-regular.woff]
[lovesome.biz/tf-template/oxe/fonts/glyphicons-halflings-regular.ttf]
[lovesome.biz/tf-template/oxe/css/bootstrap.min.css]
[lovesome.biz/tf-template/oxe/fonts/fontawesome-webfont3e6e.eot]
[lovesome.biz/tf-template/oxe/fonts/fontawesome-webfontd41d.eot]
[lovesome.biz/tf-template/oxe/fonts/fontawesome-webfont3e6e.woff2]
[lovesome.biz/tf-template/oxe/fonts/fontawesome-webfont3e6e.woff]
[lovesome.biz/tf-template/oxe/fonts/fontawesome-webfont3e6e.ttf]
[lovesome.biz/tf-template/oxe/css/font-awesome.min.css]
[lovesome.biz/tf-template/oxe/css/owl.carousel.min.css]
[lovesome.biz/tf-template/oxe/css/animate.css]
[lovesome.biz/tf-template/oxe/css/vegas.min.css]
[lovesome.biz/tf-template/oxe/css/hover.css]
[lovesome.biz/tf-template/oxe/css/typing.css]
[lovesome.biz/tf-template/oxe/img/close.png]
[lovesome.biz/tf-template/oxe/img/loading.gif]
[lovesome.biz/tf-template/oxe/img/prev.png]
[lovesome.biz/tf-template/oxe/img/next.png]
[lovesome.biz/tf-template/oxe/css/lightbox.min.css]
[lovesome.biz/tf-template/oxe/css/normalize.css]
[lovesome.biz/tf-template/oxe/fonts/Antro_Vectra.eot]
[lovesome.biz/tf-template/oxe/fonts/Antro_Vectra.woff2]
[lovesome.biz/tf-template/oxe/fonts/Antro_Vectra.woff]
[lovesome.biz/tf-template/oxe/fonts/Antro_Vectra.ttf]
[lovesome.biz/tf-template/oxe/img/progress-bg.jpg]
[lovesome.biz/tf-template/oxe/css/main.css]
[lovesome.biz/tf-template/oxe/css/responsive.css]
[lovesome.biz/tf-template/oxe/blog-no-sidebar.html]
[lovesome.biz/tf-template/oxe/img/recent/01.jpg]
[lovesome.biz/tf-template/oxe/img/recent/02.jpg]
[lovesome.biz/tf-template/oxe/img/recent/03.jpg]
[lovesome.biz/tf-template/oxe/blog-left.html]
[lovesome.biz/tf-template/oxe/blog-right.html]
[lovesome.biz/tf-template/oxe/img/slider/01.jpg]
[lovesome.biz/tf-template/oxe/img/admin/01.jpg]
[lovesome.biz/tf-template/oxe/img/admin/02.jpg]
[lovesome.biz/tf-template/oxe/img/admin/03.jpg]
[lovesome.biz/tf-template/oxe/img/admin/04.jpg]
[lovesome.biz/tf-template/oxe/blog-details-no-sidebar.html]
[lovesome.biz/tf-template/oxe/blog-details-left.html]
[lovesome.biz/tf-template/oxe/blog-details-right.html]
[lovesome.biz/tf-template/oxe/fonts/glyphicons-halflings-regular.svg]
[lovesome.biz/tf-template/oxe/fonts/fontawesome-webfont3e6e.svg]
[lovesome.biz/tf-template/oxe/css/owl.video.play.html]
[lovesome.biz/tf-template/oxe/fonts/Antro_Vectra.svg]
